// Jest Snapshot v1, https://goo.gl/fbAQLP

exports[` 1`] = `<Text />`;

exports[`describe test 1`] = `
<Text
  style={
    {
      "fontSize": 13,
    }
  }
>
  Hello world
</Text>
`;
